{
  "Entries": [
    {
      "RequestUri": "https://management.azure.com/subscriptions/e37510d7-33b6-4676-886f-ee75bcc01871?api-version=2021-01-01",
      "RequestMethod": "GET",
      "RequestHeaders": {
        "Accept": "application/json",
        "Authorization": "Sanitized",
        "traceparent": "00-b1c21ebea58048414b4520470a77f38c-f0b361c886626bdc-00",
        "User-Agent": "azsdk-net-ResourceManager/1.3.2 (.NET 7.0.2; Microsoft Windows 10.0.22621)",
        "x-ms-client-request-id": "da0a4f01fd2ddff522bae6ec3b84bf29",
        "x-ms-return-client-request-id": "true"
      },
      "RequestBody": null,
      "StatusCode": 200,
      "ResponseHeaders": {
        "Cache-Control": "no-cache",
        "Content-Length": "456",
        "Content-Type": "application/json; charset=utf-8",
        "Date": "Wed, 01 Feb 2023 16:29:59 GMT",
        "Expires": "-1",
        "Pragma": "no-cache",
        "Strict-Transport-Security": "max-age=31536000; includeSubDomains",
        "X-Content-Type-Options": "nosniff",
        "x-ms-correlation-request-id": "d72cd0c0-6ec1-4461-8696-069012d3821d",
        "x-ms-ratelimit-remaining-subscription-reads": "11972",
        "x-ms-request-id": "d72cd0c0-6ec1-4461-8696-069012d3821d",
        "x-ms-routing-request-id": "CANADACENTRAL:20230201T162959Z:d72cd0c0-6ec1-4461-8696-069012d3821d"
      },
      "ResponseBody": {
        "id": "/subscriptions/e37510d7-33b6-4676-886f-ee75bcc01871",
        "authorizationSource": "RoleBased",
        "managedByTenants": [],
        "tags": {
          "SkipGreenTeamLinuxSSHAuthForSub": "1020642667"
        },
        "subscriptionId": "e37510d7-33b6-4676-886f-ee75bcc01871",
        "tenantId": "72f988bf-86f1-41af-91ab-2d7cd011db47",
        "displayName": "CPlat SDK/PowerShell",
        "state": "Enabled",
        "subscriptionPolicies": {
          "locationPlacementId": "Internal_2014-09-01",
          "quotaId": "Internal_2014-09-01",
          "spendingLimit": "Off"
        }
      }
    },
    {
      "RequestUri": "https://management.azure.com/subscriptions/e37510d7-33b6-4676-886f-ee75bcc01871/resourcegroups/testRG-1180?api-version=2021-04-01",
      "RequestMethod": "PUT",
      "RequestHeaders": {
        "Accept": "application/json",
        "Authorization": "Sanitized",
        "Content-Length": "43",
        "Content-Type": "application/json",
        "traceparent": "00-d0b96298bd85ca434fef086388da3c6d-e88d637608d3dd22-00",
        "User-Agent": "azsdk-net-ResourceManager/1.3.2 (.NET 7.0.2; Microsoft Windows 10.0.22621)",
        "x-ms-client-request-id": "6af9aae079f805b1a4c28942ecf6adac",
        "x-ms-return-client-request-id": "true"
      },
      "RequestBody": {
        "tags": {
          "test": "env"
        },
        "location": "eastus"
      },
      "StatusCode": 201,
      "ResponseHeaders": {
        "Cache-Control": "no-cache",
        "Content-Length": "241",
        "Content-Type": "application/json; charset=utf-8",
        "Date": "Wed, 01 Feb 2023 16:30:00 GMT",
        "Expires": "-1",
        "Pragma": "no-cache",
        "Strict-Transport-Security": "max-age=31536000; includeSubDomains",
        "X-Content-Type-Options": "nosniff",
        "x-ms-correlation-request-id": "2cc43434-d4da-4808-a6e7-e20407b9d535",
        "x-ms-ratelimit-remaining-subscription-writes": "1153",
        "x-ms-request-id": "2cc43434-d4da-4808-a6e7-e20407b9d535",
        "x-ms-routing-request-id": "CANADACENTRAL:20230201T163000Z:2cc43434-d4da-4808-a6e7-e20407b9d535"
      },
      "ResponseBody": {
        "id": "/subscriptions/e37510d7-33b6-4676-886f-ee75bcc01871/resourceGroups/testRG-1180",
        "name": "testRG-1180",
        "type": "Microsoft.Resources/resourceGroups",
        "location": "eastus",
        "tags": {
          "test": "env"
        },
        "properties": {
          "provisioningState": "Succeeded"
        }
      }
    },
    {
      "RequestUri": "https://management.azure.com/subscriptions/e37510d7-33b6-4676-886f-ee75bcc01871/resourceGroups/testRG-1180/providers/Microsoft.Compute/availabilitySets/testAS-2261?api-version=2022-11-01",
      "RequestMethod": "PUT",
      "RequestHeaders": {
        "Accept": "application/json",
        "Authorization": "Sanitized",
        "Content-Length": "60",
        "Content-Type": "application/json",
        "traceparent": "00-60d0b971611e1c1566abed4e12e06e3d-25d7965877bf6c5a-00",
        "User-Agent": "azsdk-net-ResourceManager.Compute/1.1.0-alpha.20230201.1 (.NET 7.0.2; Microsoft Windows 10.0.22621)",
        "x-ms-client-request-id": "44485be4171eb1075e4fb9351621db21",
        "x-ms-return-client-request-id": "true"
      },
      "RequestBody": {
        "tags": {
          "key": "value"
        },
        "location": "eastus",
        "properties": {}
      },
      "StatusCode": 200,
      "ResponseHeaders": {
        "Cache-Control": "no-cache",
        "Content-Length": "428",
        "Content-Type": "application/json; charset=utf-8",
        "Date": "Wed, 01 Feb 2023 16:30:01 GMT",
        "Expires": "-1",
        "Pragma": "no-cache",
        "Server": [
          "Microsoft-HTTPAPI/2.0",
          "Microsoft-HTTPAPI/2.0"
        ],
        "Strict-Transport-Security": "max-age=31536000; includeSubDomains",
        "X-Content-Type-Options": "nosniff",
        "x-ms-client-request-id": "44485be4171eb1075e4fb9351621db21",
        "x-ms-correlation-request-id": "8a4bcccc-0f0e-4b6c-9e8b-2754d29b1678",
        "x-ms-ratelimit-remaining-resource": "Microsoft.Compute/PutVM3Min;211,Microsoft.Compute/PutVM30Min;1171",
        "x-ms-ratelimit-remaining-subscription-writes": "1152",
        "x-ms-request-id": "3722cdc0-2f83-4182-a1f5-3291a5ea8cb7",
        "x-ms-routing-request-id": "CANADACENTRAL:20230201T163001Z:8a4bcccc-0f0e-4b6c-9e8b-2754d29b1678"
      },
      "ResponseBody": {
        "name": "testAS-2261",
        "id": "/subscriptions/e37510d7-33b6-4676-886f-ee75bcc01871/resourceGroups/testRG-1180/providers/Microsoft.Compute/availabilitySets/testAS-2261",
        "type": "Microsoft.Compute/availabilitySets",
        "location": "eastus",
        "tags": {
          "key": "value"
        },
        "properties": {
          "platformUpdateDomainCount": 5,
          "platformFaultDomainCount": 3
        },
        "sku": {
          "name": "Classic"
        }
      }
    },
    {
      "RequestUri": "https://management.azure.com/subscriptions/e37510d7-33b6-4676-886f-ee75bcc01871/resourceGroups/testRG-1180/providers/Microsoft.Compute/availabilitySets/testAS-2261?api-version=2022-11-01",
      "RequestMethod": "GET",
      "RequestHeaders": {
        "Accept": "application/json",
        "Authorization": "Sanitized",
        "traceparent": "00-f9ff09e0dbf79092ab839c35ef2a434e-b043699e91d42e99-00",
        "User-Agent": "azsdk-net-ResourceManager.Compute/1.1.0-alpha.20230201.1 (.NET 7.0.2; Microsoft Windows 10.0.22621)",
        "x-ms-client-request-id": "646b8a1e97c291562828583256e0cdef",
        "x-ms-return-client-request-id": "true"
      },
      "RequestBody": null,
      "StatusCode": 200,
      "ResponseHeaders": {
        "Cache-Control": "no-cache",
        "Content-Length": "456",
        "Content-Type": "application/json; charset=utf-8",
        "Date": "Wed, 01 Feb 2023 16:30:01 GMT",
        "Expires": "-1",
        "Pragma": "no-cache",
        "Server": [
          "Microsoft-HTTPAPI/2.0",
          "Microsoft-HTTPAPI/2.0"
        ],
        "Strict-Transport-Security": "max-age=31536000; includeSubDomains",
        "X-Content-Type-Options": "nosniff",
        "x-ms-client-request-id": "646b8a1e97c291562828583256e0cdef",
        "x-ms-correlation-request-id": "03dbeded-d99b-4ba3-8995-68d59e643b7c",
        "x-ms-ratelimit-remaining-resource": "Microsoft.Compute/LowCostGet3Min;3980,Microsoft.Compute/LowCostGet30Min;31980",
        "x-ms-ratelimit-remaining-subscription-reads": "11971",
        "x-ms-request-id": "30867df0-f332-4f80-909d-fbf3a56e1b38",
        "x-ms-routing-request-id": "CANADACENTRAL:20230201T163001Z:03dbeded-d99b-4ba3-8995-68d59e643b7c"
      },
      "ResponseBody": {
        "name": "testAS-2261",
        "id": "/subscriptions/e37510d7-33b6-4676-886f-ee75bcc01871/resourceGroups/testRG-1180/providers/Microsoft.Compute/availabilitySets/testAS-2261",
        "type": "Microsoft.Compute/availabilitySets",
        "location": "eastus",
        "tags": {
          "key": "value"
        },
        "properties": {
          "platformUpdateDomainCount": 5,
          "platformFaultDomainCount": 3,
          "virtualMachines": []
        },
        "sku": {
          "name": "Classic"
        }
      }
    }
  ],
  "Variables": {
    "AZURE_AUTHORITY_HOST": "https://login.microsoftonline.com",
    "RandomSeed": "394530001",
    "RESOURCE_MANAGER_URL": null,
    "SUBSCRIPTION_ID": "e37510d7-33b6-4676-886f-ee75bcc01871"
  }
}
